// Jest Snapshot v1, https://goo.gl/fbAQLP

exports[`tree renders tree 1`] = `"<blaze-tree class=\\"hydrated\\"><!----><div role=\\"tree\\" class=\\"c-tree\\"> <blaze-tree-leaf class=\\"hydrated\\"><!----><span role=\\"treeitem\\" class=\\"c-tree__item\\">File 1</span></blaze-tree-leaf> <blaze-tree-leaf class=\\"hydrated\\"><!----><span role=\\"treeitem\\" class=\\"c-tree__item\\">File 2</span></blaze-tree-leaf> <blaze-tree-leaf class=\\"hydrated\\"><!----><span role=\\"treeitem\\" class=\\"c-tree__item\\">File 3</span></blaze-tree-leaf> <blaze-tree-branch class=\\"hydrated\\"><!----> <button role=\\"treeitem\\" aria-expanded=\\"false\\" class=\\"c-tree__item\\"><span slot=\\"branch\\">Directory 1</span></button><div role=\\"tree\\" class=\\"c-tree\\"><blaze-tree-leaf slot=\\"leaf\\" class=\\"hydrated\\"><!----><span role=\\"treeitem\\" class=\\"c-tree__item\\">File 4</span></blaze-tree-leaf><blaze-tree-leaf slot=\\"leaf\\" class=\\"hydrated\\"><!----><span role=\\"treeitem\\" class=\\"c-tree__item\\">File 5</span></blaze-tree-leaf><blaze-tree-leaf slot=\\"leaf\\" class=\\"hydrated\\"><!----><span role=\\"treeitem\\" class=\\"c-tree__item\\">File 6</span></blaze-tree-leaf></div></blaze-tree-branch> <blaze-tree-branch class=\\"hydrated\\"><!----> <button role=\\"treeitem\\" aria-expanded=\\"false\\" class=\\"c-tree__item\\"><span slot=\\"branch\\">Directory 2</span></button><div role=\\"tree\\" class=\\"c-tree\\"><blaze-tree-leaf slot=\\"leaf\\" class=\\"hydrated\\"><!----><span role=\\"treeitem\\" class=\\"c-tree__item\\">File 7</span></blaze-tree-leaf><blaze-tree-leaf slot=\\"leaf\\" class=\\"hydrated\\"><!----><span role=\\"treeitem\\" class=\\"c-tree__item\\">File 8</span></blaze-tree-leaf><blaze-tree-leaf slot=\\"leaf\\" class=\\"hydrated\\"><!----><span role=\\"treeitem\\" class=\\"c-tree__item\\">File 9</span></blaze-tree-leaf><blaze-tree-branch slot=\\"leaf\\" class=\\"hydrated\\"><!----> <button role=\\"treeitem\\" aria-expanded=\\"false\\" class=\\"c-tree__item\\"><span slot=\\"branch\\">Sub-directory 1</span></button><div role=\\"tree\\" class=\\"c-tree\\"><blaze-tree-leaf slot=\\"leaf\\" class=\\"hydrated\\"><!----><span role=\\"treeitem\\" class=\\"c-tree__item\\">File 10</span></blaze-tree-leaf><blaze-tree-leaf slot=\\"leaf\\" class=\\"hydrated\\"><!----><span role=\\"treeitem\\" class=\\"c-tree__item\\">File 11</span></blaze-tree-leaf><blaze-tree-leaf slot=\\"leaf\\" class=\\"hydrated\\"><!----><span role=\\"treeitem\\" class=\\"c-tree__item\\">File 12</span></blaze-tree-leaf></div></blaze-tree-branch></div></blaze-tree-branch> </div></blaze-tree>"`;
