// Jest Snapshot v1, https://goo.gl/fbAQLP

exports[`toggle renders colours based on type 1`] = `"<blaze-toggle type=\\"success\\" class=\\"hydrated\\"><!----><label class=\\"c-toggle c-toggle--success\\"><input type=\\"checkbox\\" aria-checked=\\"false\\"><div class=\\"c-toggle__track\\"><div class=\\"c-toggle__handle\\"></div></div>default</label></blaze-toggle>"`;

exports[`toggle renders renders correctly with no props 1`] = `"<blaze-toggle class=\\"hydrated\\"><!----><label class=\\"c-toggle\\"><input type=\\"checkbox\\" aria-checked=\\"false\\"><div class=\\"c-toggle__track\\"><div class=\\"c-toggle__handle\\"></div></div>default</label></blaze-toggle>"`;

exports[`toggle renders should be toggle on when prop is present 1`] = `"<blaze-toggle toggled=\\"\\" type=\\"success\\" class=\\"hydrated\\"><!----><label class=\\"c-toggle c-toggle--success\\"><input type=\\"checkbox\\" aria-checked=\\"true\\"><div class=\\"c-toggle__track\\"><div class=\\"c-toggle__handle\\"></div></div>default</label></blaze-toggle>"`;
