// Jest Snapshot v1, https://goo.gl/fbAQLP

exports[`timeline renders all the attributes set 1`] = `"<blaze-timeline alternate=\\"\\" loading=\\"\\" class=\\"hydrated\\"><!----><ol class=\\"o-timeline o-timeline--alternate o-timeline--loading\\"> <blaze-timeline-item left=\\"\\" type=\\"brand\\" class=\\"hydrated\\"><!----><li class=\\"c-timeline-item c-timeline-item--brand c-timeline-item--left\\"><div class=\\"c-timeline-item__body\\">Item 1</div></li></blaze-timeline-item> <blaze-timeline-item last=\\"\\" class=\\"hydrated\\"><!----><li class=\\"c-timeline-item c-timeline-item--last\\"><div class=\\"c-timeline-item__body\\">Item 2</div></li></blaze-timeline-item> <blaze-timeline-item loading=\\"\\" class=\\"hydrated\\"><!----><li class=\\"c-timeline-item c-timeline-item--loading\\"><div class=\\"c-timeline-item__body\\">Item 3</div></li></blaze-timeline-item> </ol></blaze-timeline>"`;

exports[`timeline renders with items 1`] = `"<blaze-timeline class=\\"hydrated\\"><!----><ol class=\\"o-timeline\\"> <blaze-timeline-item class=\\"hydrated\\"><!----><li class=\\"c-timeline-item\\"><div class=\\"c-timeline-item__body\\">Item 1</div></li></blaze-timeline-item> <blaze-timeline-item class=\\"hydrated\\"><!----><li class=\\"c-timeline-item\\"><div class=\\"c-timeline-item__body\\">Item 2</div></li></blaze-timeline-item> <blaze-timeline-item class=\\"hydrated\\"><!----><li class=\\"c-timeline-item\\"><div class=\\"c-timeline-item__body\\">Item 3</div></li></blaze-timeline-item> </ol></blaze-timeline>"`;

exports[`timeline renders without items 1`] = `"<blaze-timeline class=\\"hydrated\\"><!----><ol class=\\"o-timeline\\"></ol></blaze-timeline>"`;
