// Jest Snapshot v1, https://goo.gl/fbAQLP

exports[`pagination renders renders the correct buttons when pages set 1`] = `"<blaze-pagination pages=\\"15\\" class=\\"hydrated\\"><nav class=\\"c-pagination\\"><button class=\\"c-pagination__control\\" disabled=\\"\\">‹</button><div class=\\"c-pagination__pages\\"><button class=\\"c-pagination__control\\" aria-current=\\"\\">1</button><button class=\\"c-pagination__control\\">2</button></div><button class=\\"c-pagination__control\\">›</button></nav></blaze-pagination>"`;

exports[`pagination renders should work without parameters 1`] = `"<blaze-pagination class=\\"hydrated\\"><nav class=\\"c-pagination\\"><button class=\\"c-pagination__control\\" disabled=\\"\\">‹</button><div class=\\"c-pagination__pages\\"><button class=\\"c-pagination__control\\" aria-current=\\"\\">1</button></div><button class=\\"c-pagination__control\\" disabled=\\"\\">›</button></nav></blaze-pagination>"`;
